// Jest Snapshot v1, https://goo.gl/fbAQLP

exports[`HomeReminder Component not changed 1`] = `
<section class="HomeReminder">
  <base-input-stub modelvalue="" placeholder="Untitled" max-length="30"></base-input-stub>
  <base-datepicker-stub placeholder="Date"></base-datepicker-stub>
  <base-input-stub modelvalue="" placeholder="City" max-length="30"></base-input-stub>
  <base-input-stub modelvalue="" placeholder="Color" max-length="30"></base-input-stub>
  <base-button-stub label="Save reminder"></base-button-stub>
</section>
`;
