// Jest Snapshot v1, https://goo.gl/fbAQLP

exports[`HomeReminder Component not changed 1`] = `
<section class="HomeReminder">
  <base-input-stub value="" placeholder="Untitled"></base-input-stub>
  <base-datepicker-stub value="" placeholder="Date"></base-datepicker-stub>
  <base-input-stub value="" placeholder="City"></base-input-stub>
  <base-input-stub value="" placeholder="Color"></base-input-stub>
  <base-button-stub label="Save reminder"></base-button-stub>
</section>
`;
