// Jest Snapshot v1, https://goo.gl/fbAQLP

exports[`TheSchedule Component not changed 1`] = `
<div class="TheSchedule">
  <h3>May</h3>
  <div class="TheSchedule__week">
    <div class="TheSchedule__week-day">Sunday</div>
    <div class="TheSchedule__week-day">Monday</div>
    <div class="TheSchedule__week-day">Tuesday</div>
    <div class="TheSchedule__week-day">Wednesday</div>
    <div class="TheSchedule__week-day">Thursday</div>
    <div class="TheSchedule__week-day">Friday</div>
    <div class="TheSchedule__week-day">Saturday</div>
  </div>
  <div class="TheSchedule__calendar"><span class="TheSchedule__calendar-span" style="width: calc(100px * 6 + 5px);"></span>
    <div class="TheSchedule__calendar-day">1
      <!-- <div v-if="checkDateInDataNonEmpty(day)">
                    <base-reminder 
                        v-for="reminder in reminders(day)" 
                        :key="reminder.id" 
                        :title="reminder.title"
                        :color="reminder.color"
                    />
                </div> -->
    </div>
    <div class="TheSchedule__calendar-day">2
      <!-- <div v-if="checkDateInDataNonEmpty(day)">
                    <base-reminder 
                        v-for="reminder in reminders(day)" 
                        :key="reminder.id" 
                        :title="reminder.title"
                        :color="reminder.color"
                    />
                </div> -->
    </div>
    <div class="TheSchedule__calendar-day">3
      <!-- <div v-if="checkDateInDataNonEmpty(day)">
                    <base-reminder 
                        v-for="reminder in reminders(day)" 
                        :key="reminder.id" 
                        :title="reminder.title"
                        :color="reminder.color"
                    />
                </div> -->
    </div>
    <div class="TheSchedule__calendar-day">4
      <!-- <div v-if="checkDateInDataNonEmpty(day)">
                    <base-reminder 
                        v-for="reminder in reminders(day)" 
                        :key="reminder.id" 
                        :title="reminder.title"
                        :color="reminder.color"
                    />
                </div> -->
    </div>
    <div class="TheSchedule__calendar-day">5
      <!-- <div v-if="checkDateInDataNonEmpty(day)">
                    <base-reminder 
                        v-for="reminder in reminders(day)" 
                        :key="reminder.id" 
                        :title="reminder.title"
                        :color="reminder.color"
                    />
                </div> -->
    </div>
    <div class="TheSchedule__calendar-day">6
      <!-- <div v-if="checkDateInDataNonEmpty(day)">
                    <base-reminder 
                        v-for="reminder in reminders(day)" 
                        :key="reminder.id" 
                        :title="reminder.title"
                        :color="reminder.color"
                    />
                </div> -->
    </div>
    <div class="TheSchedule__calendar-day">7
      <!-- <div v-if="checkDateInDataNonEmpty(day)">
                    <base-reminder 
                        v-for="reminder in reminders(day)" 
                        :key="reminder.id" 
                        :title="reminder.title"
                        :color="reminder.color"
                    />
                </div> -->
    </div>
    <div class="TheSchedule__calendar-day">8
      <!-- <div v-if="checkDateInDataNonEmpty(day)">
                    <base-reminder 
                        v-for="reminder in reminders(day)" 
                        :key="reminder.id" 
                        :title="reminder.title"
                        :color="reminder.color"
                    />
                </div> -->
    </div>
    <div class="TheSchedule__calendar-day">9
      <!-- <div v-if="checkDateInDataNonEmpty(day)">
                    <base-reminder 
                        v-for="reminder in reminders(day)" 
                        :key="reminder.id" 
                        :title="reminder.title"
                        :color="reminder.color"
                    />
                </div> -->
    </div>
    <div class="TheSchedule__calendar-day">10
      <!-- <div v-if="checkDateInDataNonEmpty(day)">
                    <base-reminder 
                        v-for="reminder in reminders(day)" 
                        :key="reminder.id" 
                        :title="reminder.title"
                        :color="reminder.color"
                    />
                </div> -->
    </div>
    <div class="TheSchedule__calendar-day">11
      <!-- <div v-if="checkDateInDataNonEmpty(day)">
                    <base-reminder 
                        v-for="reminder in reminders(day)" 
                        :key="reminder.id" 
                        :title="reminder.title"
                        :color="reminder.color"
                    />
                </div> -->
    </div>
    <div class="TheSchedule__calendar-day">12
      <!-- <div v-if="checkDateInDataNonEmpty(day)">
                    <base-reminder 
                        v-for="reminder in reminders(day)" 
                        :key="reminder.id" 
                        :title="reminder.title"
                        :color="reminder.color"
                    />
                </div> -->
    </div>
    <div class="TheSchedule__calendar-day">13
      <!-- <div v-if="checkDateInDataNonEmpty(day)">
                    <base-reminder 
                        v-for="reminder in reminders(day)" 
                        :key="reminder.id" 
                        :title="reminder.title"
                        :color="reminder.color"
                    />
                </div> -->
    </div>
    <div class="TheSchedule__calendar-day">14
      <!-- <div v-if="checkDateInDataNonEmpty(day)">
                    <base-reminder 
                        v-for="reminder in reminders(day)" 
                        :key="reminder.id" 
                        :title="reminder.title"
                        :color="reminder.color"
                    />
                </div> -->
    </div>
    <div class="TheSchedule__calendar-day">15
      <!-- <div v-if="checkDateInDataNonEmpty(day)">
                    <base-reminder 
                        v-for="reminder in reminders(day)" 
                        :key="reminder.id" 
                        :title="reminder.title"
                        :color="reminder.color"
                    />
                </div> -->
    </div>
    <div class="TheSchedule__calendar-day">16
      <!-- <div v-if="checkDateInDataNonEmpty(day)">
                    <base-reminder 
                        v-for="reminder in reminders(day)" 
                        :key="reminder.id" 
                        :title="reminder.title"
                        :color="reminder.color"
                    />
                </div> -->
    </div>
    <div class="TheSchedule__calendar-day">17
      <!-- <div v-if="checkDateInDataNonEmpty(day)">
                    <base-reminder 
                        v-for="reminder in reminders(day)" 
                        :key="reminder.id" 
                        :title="reminder.title"
                        :color="reminder.color"
                    />
                </div> -->
    </div>
    <div class="TheSchedule__calendar-day">18
      <!-- <div v-if="checkDateInDataNonEmpty(day)">
                    <base-reminder 
                        v-for="reminder in reminders(day)" 
                        :key="reminder.id" 
                        :title="reminder.title"
                        :color="reminder.color"
                    />
                </div> -->
    </div>
    <div class="TheSchedule__calendar-day">19
      <!-- <div v-if="checkDateInDataNonEmpty(day)">
                    <base-reminder 
                        v-for="reminder in reminders(day)" 
                        :key="reminder.id" 
                        :title="reminder.title"
                        :color="reminder.color"
                    />
                </div> -->
    </div>
    <div class="TheSchedule__calendar-day">20
      <!-- <div v-if="checkDateInDataNonEmpty(day)">
                    <base-reminder 
                        v-for="reminder in reminders(day)" 
                        :key="reminder.id" 
                        :title="reminder.title"
                        :color="reminder.color"
                    />
                </div> -->
    </div>
    <div class="TheSchedule__calendar-day">21
      <!-- <div v-if="checkDateInDataNonEmpty(day)">
                    <base-reminder 
                        v-for="reminder in reminders(day)" 
                        :key="reminder.id" 
                        :title="reminder.title"
                        :color="reminder.color"
                    />
                </div> -->
    </div>
    <div class="TheSchedule__calendar-day">22
      <!-- <div v-if="checkDateInDataNonEmpty(day)">
                    <base-reminder 
                        v-for="reminder in reminders(day)" 
                        :key="reminder.id" 
                        :title="reminder.title"
                        :color="reminder.color"
                    />
                </div> -->
    </div>
    <div class="TheSchedule__calendar-day">23
      <!-- <div v-if="checkDateInDataNonEmpty(day)">
                    <base-reminder 
                        v-for="reminder in reminders(day)" 
                        :key="reminder.id" 
                        :title="reminder.title"
                        :color="reminder.color"
                    />
                </div> -->
    </div>
    <div class="TheSchedule__calendar-day">24
      <!-- <div v-if="checkDateInDataNonEmpty(day)">
                    <base-reminder 
                        v-for="reminder in reminders(day)" 
                        :key="reminder.id" 
                        :title="reminder.title"
                        :color="reminder.color"
                    />
                </div> -->
    </div>
    <div class="TheSchedule__calendar-day">25
      <!-- <div v-if="checkDateInDataNonEmpty(day)">
                    <base-reminder 
                        v-for="reminder in reminders(day)" 
                        :key="reminder.id" 
                        :title="reminder.title"
                        :color="reminder.color"
                    />
                </div> -->
    </div>
    <div class="TheSchedule__calendar-day">26
      <!-- <div v-if="checkDateInDataNonEmpty(day)">
                    <base-reminder 
                        v-for="reminder in reminders(day)" 
                        :key="reminder.id" 
                        :title="reminder.title"
                        :color="reminder.color"
                    />
                </div> -->
    </div>
    <div class="TheSchedule__calendar-day">27
      <!-- <div v-if="checkDateInDataNonEmpty(day)">
                    <base-reminder 
                        v-for="reminder in reminders(day)" 
                        :key="reminder.id" 
                        :title="reminder.title"
                        :color="reminder.color"
                    />
                </div> -->
    </div>
    <div class="TheSchedule__calendar-day">28
      <!-- <div v-if="checkDateInDataNonEmpty(day)">
                    <base-reminder 
                        v-for="reminder in reminders(day)" 
                        :key="reminder.id" 
                        :title="reminder.title"
                        :color="reminder.color"
                    />
                </div> -->
    </div>
    <div class="TheSchedule__calendar-day">29
      <!-- <div v-if="checkDateInDataNonEmpty(day)">
                    <base-reminder 
                        v-for="reminder in reminders(day)" 
                        :key="reminder.id" 
                        :title="reminder.title"
                        :color="reminder.color"
                    />
                </div> -->
    </div>
    <div class="TheSchedule__calendar-day">30
      <!-- <div v-if="checkDateInDataNonEmpty(day)">
                    <base-reminder 
                        v-for="reminder in reminders(day)" 
                        :key="reminder.id" 
                        :title="reminder.title"
                        :color="reminder.color"
                    />
                </div> -->
    </div>
    <div class="TheSchedule__calendar-day">31
      <!-- <div v-if="checkDateInDataNonEmpty(day)">
                    <base-reminder 
                        v-for="reminder in reminders(day)" 
                        :key="reminder.id" 
                        :title="reminder.title"
                        :color="reminder.color"
                    />
                </div> -->
    </div>
  </div>
</div>
`;
